[ Data
    { symbolModule = ModuleName () "ExportList"
    , symbolName = Ident () "A"
    }
]