[ Value
    { symbolModule = ModuleName () "SimpleValue"
    , symbolName = Ident () "a"
    }
]